// Jest Snapshot v1, https://goo.gl/fbAQLP

exports[`Render snapshot HOC <withActiveIndex/> with mock Component 1`] = `<div />`;
