// Jest Snapshot v1, https://goo.gl/fbAQLP

exports[`Render snapshot <Map/> 1`] = `
<section
  className="property__map map"
/>
`;
