// Jest Snapshot v1, https://goo.gl/fbAQLP

exports[`Render snapshot <PrivateRoute/> 1`] = `
<p>
  Hallo world!
</p>
`;
