// Jest Snapshot v1, https://goo.gl/fbAQLP

exports[`Render snapshot <Reviews/> 1`] = `null`;
