// Jest Snapshot v1, https://goo.gl/fbAQLP

exports[`Render snapshot <ReviewsList/> 1`] = `
<ul
  className="reviews__list"
>
  <li
    className="reviews__item"
  >
    <div
      className="reviews__user user"
    >
      <div
        className="reviews__avatar-wrapper user__avatar-wrapper"
      >
        <img
          alt="review.user.name"
          className="reviews__avatar user__avatar"
          height="54"
          src="review.user.avatar_url"
          width="54"
        />
      </div>
      <span
        className="reviews__user-name"
      >
        review.user.name
      </span>
    </div>
    <div
      className="reviews__info"
    >
      <div
        className="reviews__rating rating"
      >
        <div
          className="reviews__stars rating__stars"
        >
          <span
            style={
              Object {
                "width": 40,
              }
            }
          />
          <span
            className="visually-hidden"
          >
            Rating
          </span>
        </div>
      </div>
      <p
        className="reviews__text"
      >
        review.comment
      </p>
      <time
        className="reviews__time"
        dateTime="2019-04-24"
      >
        Invalid Date
      </time>
    </div>
  </li>
  <li
    className="reviews__item"
  >
    <div
      className="reviews__user user"
    >
      <div
        className="reviews__avatar-wrapper user__avatar-wrapper"
      >
        <img
          alt="review.user.name"
          className="reviews__avatar user__avatar"
          height="54"
          src="review.user.avatar_url"
          width="54"
        />
      </div>
      <span
        className="reviews__user-name"
      >
        review.user.name
      </span>
    </div>
    <div
      className="reviews__info"
    >
      <div
        className="reviews__rating rating"
      >
        <div
          className="reviews__stars rating__stars"
        >
          <span
            style={
              Object {
                "width": 60,
              }
            }
          />
          <span
            className="visually-hidden"
          >
            Rating
          </span>
        </div>
      </div>
      <p
        className="reviews__text"
      >
        review.comment
      </p>
      <time
        className="reviews__time"
        dateTime="2019-04-24"
      >
        Invalid Date
      </time>
    </div>
  </li>
</ul>
`;
