// Jest Snapshot v1, https://goo.gl/fbAQLP

exports[`Render snapshot HOC <withFormData/> with mock Component 1`] = `<div />`;
