// Jest Snapshot v1, https://goo.gl/fbAQLP

exports[`Render HOC withAudioIndex with mock Component 1`] = `<div />`;
