// Jest Snapshot v1, https://goo.gl/fbAQLP

exports[`Render ReviewsItem component 1`] = `
<li
  className="reviews__item"
>
  <div
    className="reviews__user user"
  >
    <div
      className="reviews__avatar-wrapper user__avatar-wrapper"
    >
      <img
        alt="Avatar"
        className="reviews__avatar user__avatar"
        height="54"
        src="img/avatar-max.jpg"
        width="54"
      />
    </div>
    <span
      className="reviews__user-name"
    >
      Luis
    </span>
  </div>
  <div
    className="reviews__info"
  >
    <div
      className="reviews__rating rating"
    >
      <div
        className="reviews__stars rating__stars"
      >
        <span
          style={
            Object {
              "width": 80,
            }
          }
        />
        <span
          className="visually-hidden"
        >
          Rating
        </span>
      </div>
    </div>
    <p
      className="reviews__text"
    >
      Lorem ipsum dolor sit amet, consectetur adipiscing elit. Nam lectus mauris, commodo eget malesuada id, gravida id mi.
    </p>
    <time
      className="reviews__time"
      dateTime="2019-04-24"
    >
      December 24, 2018
    </time>
  </div>
</li>
`;
